C51 COMPILER V9.01   TEMP                                                                  11/13/2017 11:07:21 PAGE 1   


C51 COMPILER V9.01, COMPILATION OF MODULE TEMP
OBJECT MODULE PLACED IN temp.OBJ
COMPILER INVOKED BY: E:\Program Files\keil\C51\BIN\C51.EXE temp.c BROWSE DEBUG OBJECTEXTEND

line level    source

   1          #include <reg51.h>
   2          #include <uart.h>
   3          #define uchar unsigned char
   4          
   5          code unsigned char seg7code[]={0xc0,0xf9,0xa4,0xb0,0x99,0x92,0x82,0xf8,0x80,0x90,0xff};         //?????????????
   6          code unsigned char seg7codeB[]={0x40,0x79,0x24,0x30,0x19,0x12,0x02,0x78,0x00,0x10,0xff};        //????????????
   7          int count = 0;
   8          
   9          sbit DQ=P3^6;                           //??????????????? 
  10          unsigned char tempL=0;          //?????
  11          unsigned char tempH=0; 
  12          unsigned int sdata;                     //???????????
  13          unsigned char xiaoshu1;         //?????
  14          unsigned char xiaoshu2;         //?????
  15          unsigned char xiaoshu;          //????
  16          bit fg=1;                               //??????
  17          
  18          sbit key = P3^2;
  19          
  20          void delay(unsigned char i)
  21          {
  22   1              for(i;i>0;i--);
  23   1      }
  24          
  25          void delay1(uchar i)
  26          {
  27   1              uchar j,k; 
  28   1              for(j=i;j>0;j--)
  29   1                      for(k=125;k>0;k--);
  30   1      }
  31          
  32          void Init_DS18B20(void) 
  33          {
  34   1              unsigned char x=0;
  35   1              DQ=1;                                   //DQ??? 
  36   1              delay(8);                               //???
  37   1              DQ=0;                                   //?????? 
  38   1              delay(80);                              //??(>480us) 
  39   1              DQ=1;                                   //????? 
  40   1              delay(5);                               //??(15~60us) 
  41   1              x=DQ;                                   //?X?????????????,18B20????X=0,??X=1 
  42   1              delay(20); 
  43   1      }
  44          
  45          //?????
  46          ReadOneChar(void)                       //?????????????1us??,??????????,???????
  47          {
  48   1              unsigned char i=0;              //?????????????60us,??????????1us?????????
  49   1              unsigned char dat=0; 
  50   1              for (i=8;i>0;i--)               //?????8? 
  51   1              {
  52   2                      DQ=1; 
  53   2                      delay(1); 
  54   2                      DQ=0;
  55   2                      dat>>=1; 
C51 COMPILER V9.01   TEMP                                                                  11/13/2017 11:07:21 PAGE 2   

  56   2                      DQ=1; 
  57   2                      if(DQ) 
  58   2                      dat|=0x80; 
  59   2                      delay(4);
  60   2              } 
  61   1              return(dat);
  62   1      }
  63          
  64          //?????
  65          void WriteOneChar(unsigned char dat) 
  66          { 
  67   1              unsigned char i=0;              //????????????,????????15us??????????????,
  68   1              for(i=8;i>0;i--)                //?15~60us??????????,????????1,??0??? 
  69   1              {
  70   2                      DQ=0;                           //?????????????1us?????????? 
  71   2                      DQ=dat&0x01; 
  72   2                      delay(5); 
  73   2                      DQ=1; 
  74   2                      dat>>=1;
  75   2              } 
  76   1              delay(4);
  77   1      }
  78          
  79          //????(???tempL;???tempH;)
  80          void ReadTemperature(void) 
  81          { 
  82   1              Init_DS18B20();                                         //???
  83   1              WriteOneChar(0xcc);                             //?????????
  84   1              WriteOneChar(0x44);                             //??????
  85   1              delay(125);                                             //????????,?? 
  86   1              Init_DS18B20();                                         //???
  87   1              WriteOneChar(0xcc);                             //????????? 
  88   1              WriteOneChar(0xbe);                             //??????(???????????????) 
  89   1              tempL=ReadOneChar();                            //???????LSB
  90   1              tempH=ReadOneChar();                            //???????MSB    
  91   1              if(tempH>0x7f)                                  //????1?????
  92   1              {
  93   2                      tempL=~tempL;                                   //????,????
  94   2                      tempH=~tempH+1;       
  95   2                      fg=0;                                                   //???????fg=0
  96   2              }
  97   1              sdata = tempL/16+tempH*16;              //????
  98   1              xiaoshu1 = (tempL&0x0f)*10/16;          //?????
  99   1              xiaoshu2 = (tempL&0x0f)*100/16%10;      //?????
 100   1              xiaoshu=xiaoshu1*10+xiaoshu2;           //????
 101   1      }
 102          
 103          //????
 104          void Led(unsigned int date)
 105          { 
 106   1              if(fg==1)
 107   1              {
 108   2                      P2=0xef;                        //P1.0=0,?????
 109   2                      P0=seg7code[date/10];   //???,??,??
 110   2                      delay1(5);
 111   2                      P0=0xff;                        //??
 112   2                      //sendmsg(date/10+'0');
 113   2                      
 114   2                      P2=0xdf;                        //P1.1=0,?????,???
 115   2                      P0=seg7codeB[date%10];
 116   2                      delay1(5);
 117   2                      P0=0xff;                        //??
C51 COMPILER V9.01   TEMP                                                                  11/13/2017 11:07:21 PAGE 3   

 118   2                      //sendmsg(date%10+'0');
 119   2      
 120   2                      //sendmsg('.');
 121   2                      
 122   2                      P2=0xbf;                        //P1.3=0,?????,??????
 123   2                      P0=seg7code[xiaoshu1];
 124   2                      delay1(5);
 125   2                      P0=0xff;                        //??
 126   2                      //sendmsg(xiaoshu1+'0');
 127   2                      
 128   2                      P2=0x7f;                        //P1.3=0,?????,??????
 129   2                      P0=seg7code[xiaoshu2];
 130   2                      delay1(5);
 131   2                      P0=0xff;                        //??
 132   2                      //sendmsg(xiaoshu2+'0');
 133   2      
 134   2              }
 135   1                      
 136   1              if(fg==0)                                       //??????????
 137   1              {
 138   2                      P2=0xfe;                        //P1.0=0,?????
 139   2                      P0=seg7code[11];                //????
 140   2                      delay1(5);
 141   2                      P0=0xff;                        //??
 142   2                      
 143   2                      P2=0xfd;                        //P1.1=0,?????,???
 144   2                      P0=seg7code[date/10];
 145   2                      delay1(5);
 146   2                      P0=0xff;                        //??
 147   2                      
 148   2                      P2=0xfb;                        //P1.3=0,?????,???
 149   2                      P0=seg7codeB[date%10];
 150   2                      delay1(5);
 151   2                      P0=0xff;                        //??
 152   2                      
 153   2                      P2=0xf7;                        //P1.3=0,?????,??????
 154   2                      P0=seg7code[xiaoshu1];
 155   2                      delay1(5);
 156   2                      P0=0xff;                        //??
 157   2              }
 158   1      }
 159          void send(int date)
 160          {
 161   1                //sendmsg('*');
 162   1                sendmsg(date/10+'0');
 163   1                sendmsg(date%10+'0');
 164   1                //sendmsg('.');
 165   1                //sendmsg(xiaoshu1+'0');
 166   1                //sendmsg(xiaoshu2+'0');
 167   1                //count++;
 168   1                //sendmsg('#');
 169   1                //sendmsg(' ');
 170   1      
 171   1      }
 172          /*int keyflag(int a)
 173          {
 174                  int cc = 20;
 175                  if(a == 0)
 176                  {
 177                          while(cc--);
 178                          if(a == 0)
 179                          {
C51 COMPILER V9.01   TEMP                                                                  11/13/2017 11:07:21 PAGE 4   

 180                                  return 1;
 181                          }
 182                          else
 183                          {
 184                                  return 0;
 185                          }
 186                          while(a == 0);
 187                  }
 188          } */
 189          void delay_ms(unsigned int xms)  // xms??????????
 190          {
 191   1          unsigned int x,y;
 192   1          for(x=xms;x>0;x--)
 193   1              for(y=110;y>0;y--);
 194   1      }
 195          void main()
 196          {
 197   1              initcom();
 198   1              //init_time();
 199   1              while(1)
 200   1              {
 201   2                      delay_ms(1000);
 202   2                      ReadTemperature();
 203   2                      count++;
 204   2                      Led(sdata);
 205   2                      //count = 0;
 206   2                      if(count>=2) send(sdata);
 207   2                      //sendmsg('0');
 208   2              }
 209   1      }
 210          


MODULE INFORMATION:   STATIC OVERLAYABLE
   CODE SIZE        =    579    ----
   CONSTANT SIZE    =     22    ----
   XDATA SIZE       =   ----    ----
   PDATA SIZE       =   ----    ----
   DATA SIZE        =      9    ----
   IDATA SIZE       =   ----    ----
   BIT SIZE         =      1    ----
END OF MODULE INFORMATION.


C51 COMPILATION COMPLETE.  0 WARNING(S),  0 ERROR(S)
